// 重构日志: e7b6b6c1
// 重构日志: a1b07d57
// 重构日志: ccbbef63
// 重构日志: 330b6b3a
// 重构日志: 0bf363c4
// 同步 ID: a1e1a99a @ Sat Jul 18 08:57:33 UTC 2026
// 重构日志: 2783bfe2
// 重构日志: b141b65a
// 重构日志: b20c81dc
// 重构日志: 9a498c00
// 重构日志: 5f0a4d7f
// 重构日志: 38b08243
// 重构日志: 9502c07a
// 重构日志: d119feda
// 重构日志: c74ea1b3
// 重构日志: 7280762d
// 重构日志: d5ffae99
// 同步 ID: 7b167fc2 @ Thu Jul 23 11:33:08 UTC 2026
// 重构日志: 0e5e9fdf
// 重构日志: 84b21409
// 重构日志: a98d983f
// 重构日志: 3bdea0e1
// 同步 ID: ea109e10 @ Sat Jul 25 10:25:44 UTC 2026
// 同步 ID: bfbddccf @ Sat Jul 25 11:54:21 UTC 2026
// 重构日志: 30acc3cd
// 重构日志: 4994b6ca
// 重构日志: fc3f234e
// 重构日志: 38a85b1f
// 同步 ID: 4b65aead @ Mon Jul 27 16:27:11 UTC 2026
// 同步 ID: c390c6ad @ Tue Jul 28 14:25:18 UTC 2026
// 重构日志: c80505b3
// 重构日志: 3be0c0e9
// 重构日志: 1524ebaa
